Flutter crash report.
Please report a bug at https://github.com/flutter/flutter/issues.

## command

flutter analyze

## exception

_Exception: Exception: analysis server exited with code 64 and output:
[stderr] Project
[stderr]   build       Build a Dart application including code assets.
[stderr]   compile     Compile Dart to various formats.
[stderr]   create      Create a new Dart project.
[stderr]   pub         Work with packages.
[stderr]   run         Run a Dart program from a file or a local or remote package.
[stderr]   test        Run tests for a project.
[stderr] 
[stderr] Source code
[stderr]   analyze     Analyze Dart code in a directory.
[stderr]   doc         Generate API documentation for Dart projects.
[stderr]   fix         Apply automated fixes to Dart source code.
[stderr]   format      Idiomatically format Dart source code.
[stderr] 
[stderr] Tools
[stderr]   devtools    Open DevTools (optionally connecting to an existing application).
[stderr]   info        Show diagnostic information about the installed tooling.
[stderr] 
[stderr] Run "dart help <command>" for more information about a command.
[stderr] See https://dart.dev/tools/dart-tool for detailed documentation.

```
```

## flutter doctor

```
[32m[✓][39m Flutter (Channel master, 3.43.0-0.3.pre, on macOS 26.3 25D125 darwin-arm64,
    locale en-US) [4.4s]
    [32m•[39m Flutter version 3.43.0-0.3.pre on channel master at
      /Users/mahesh/FlutterDev/flutter
    [32m•[39m Upstream repository https://github.com/flutter/flutter.git
    [32m•[39m Framework revision c5643e2193 (6 weeks ago), 2026-02-23 17:03:22 -0800
    [32m•[39m Engine revision acdebcd01a
    [32m•[39m Dart version 3.12.0 (build 3.12.0-168.0.dev)
    [32m•[39m DevTools version 2.55.0
    [32m•[39m Feature flags: enable-web, enable-linux-desktop, enable-macos-desktop,
      enable-windows-desktop, enable-android, enable-ios, cli-animations,
      enable-native-assets, omit-legacy-version-file, enable-lldb-debugging,
      enable-uiscene-migration, enable-riscv64

[33m[!][39m Android toolchain - develop for Android devices (Android SDK version 36.1.0)
    [4.4s]
    [32m•[39m Android SDK at /Users/mahesh/Library/Android/sdk
    [32m•[39m Emulator version 36.3.10.0 (build_id 14472402) (CL:N/A)
    [32m•[39m Platform android-36, build-tools 36.1.0
    [32m•[39m ANDROID_HOME = /Users/mahesh/Library/Android/sdk
    [32m•[39m Java binary at: /usr/bin/java
      This JDK was found in the system PATH.
      To manually set the JDK path, use: `flutter config --jdk-dir="path/to/jdk"`.
    [32m•[39m Java version OpenJDK Runtime Environment Homebrew (build 17.0.17+0)
    [33m![39m Some Android licenses not accepted. To resolve this, run: flutter doctor
      --android-licenses

[32m[✓][39m Xcode - develop for iOS and macOS (Xcode 26.4) [2.8s]
    [32m•[39m Xcode at /Applications/Xcode.app/Contents/Developer
    [32m•[39m Build 17E192
    [32m•[39m CocoaPods version 1.16.2

[32m[✓][39m Chrome - develop for the web [6ms]
    [32m•[39m Chrome at /Applications/Google Chrome.app/Contents/MacOS/Google Chrome

[32m[✓][39m Connected device (3 available) [8.4s]
    [32m•[39m iPhone (mobile) • 00008110-00127C302288401E • ios            • iOS 26.3.1
      23D8133
    [32m•[39m macOS (desktop) • macos                     • darwin-arm64   • macOS 26.3
      25D125 darwin-arm64
    [32m•[39m Chrome (web)    • chrome                    • web-javascript • Google Chrome
      146.0.7680.178

[32m[✓][39m Network resources [1,217ms]
    [32m•[39m All expected network resources are available.

[33m![39m Doctor found issues in 1 category.
```
